<testsuites id="" name="" tests="8" failures="4" skipped="0" errors="0" time="17.863115">
<testsuite name="translations-check.spec.ts" timestamp="2026-02-12T20:55:14.368Z" hostname="mobile-chrome-pixel5" tests="2" failures="1" skipped="0" time="16.567" errors="0">
<testcase name="Translation Checks › should not show translation keys on home page in English" classname="translations-check.spec.ts" time="3.912">
</testcase>
<testcase name="Translation Checks › should show category in English after starting game" classname="translations-check.spec.ts" time="12.655">
<failure message="translations-check.spec.ts:30:3 should show category in English after starting game" type="FAILURE">
<![CDATA[  [mobile-chrome-pixel5] › translations-check.spec.ts:30:3 › Translation Checks › should show category in English after starting game 

    Error: expect(locator).toBeVisible() failed

    Locator: locator('button').filter({ hasText: 'Start Game' }).first()
    Expected: visible
    Timeout: 5000ms
    Error: element(s) not found

    Call log:
      - Expect "toBeVisible" with timeout 5000ms
      - waiting for locator('button').filter({ hasText: 'Start Game' }).first()


      47 |     // Text should be "Start Game" in English
      48 |     const startBtn = page.locator('button').filter({ hasText: 'Start Game' }).first()
    > 49 |     await expect(startBtn).toBeVisible()
         |                            ^
      50 |     await startBtn.click()
      51 |
      52 |     // 5. Wait for round start page
        at /Users/markuswagner/.zenflow/worktrees/e-gemini-70a8/apps/game/tests/e2e/translations-check.spec.ts:49:28

    attachment #1: screenshot (image/png) ──────────────────────────────────────────────────────────
    ../../test-results/translations-check-Transla-81ef1-English-after-starting-game-mobile-chrome-pixel5/test-failed-1.png
    ────────────────────────────────────────────────────────────────────────────────────────────────

    Error Context: ../../test-results/translations-check-Transla-81ef1-English-after-starting-game-mobile-chrome-pixel5/error-context.md
]]>
</failure>
<system-out>
<![CDATA[
[[ATTACHMENT|apps/game/test-results/translations-check-Transla-81ef1-English-after-starting-game-mobile-chrome-pixel5/test-failed-1.png]]

[[ATTACHMENT|apps/game/test-results/translations-check-Transla-81ef1-English-after-starting-game-mobile-chrome-pixel5/error-context.md]]
]]>
</system-out>
</testcase>
</testsuite>
<testsuite name="translations-check.spec.ts" timestamp="2026-02-12T20:55:14.368Z" hostname="mobile-safari-iphone15" tests="2" failures="1" skipped="0" time="18.471" errors="0">
<testcase name="Translation Checks › should not show translation keys on home page in English" classname="translations-check.spec.ts" time="4.891">
</testcase>
<testcase name="Translation Checks › should show category in English after starting game" classname="translations-check.spec.ts" time="13.58">
<failure message="translations-check.spec.ts:30:3 should show category in English after starting game" type="FAILURE">
<![CDATA[  [mobile-safari-iphone15] › translations-check.spec.ts:30:3 › Translation Checks › should show category in English after starting game 

    Error: expect(locator).toBeVisible() failed

    Locator: locator('button').filter({ hasText: 'Start Game' }).first()
    Expected: visible
    Timeout: 5000ms
    Error: element(s) not found

    Call log:
      - Expect "toBeVisible" with timeout 5000ms
      - waiting for locator('button').filter({ hasText: 'Start Game' }).first()


      47 |     // Text should be "Start Game" in English
      48 |     const startBtn = page.locator('button').filter({ hasText: 'Start Game' }).first()
    > 49 |     await expect(startBtn).toBeVisible()
         |                            ^
      50 |     await startBtn.click()
      51 |
      52 |     // 5. Wait for round start page
        at /Users/markuswagner/.zenflow/worktrees/e-gemini-70a8/apps/game/tests/e2e/translations-check.spec.ts:49:28

    attachment #1: screenshot (image/png) ──────────────────────────────────────────────────────────
    ../../test-results/translations-check-Transla-81ef1-English-after-starting-game-mobile-safari-iphone15/test-failed-1.png
    ────────────────────────────────────────────────────────────────────────────────────────────────

    Error Context: ../../test-results/translations-check-Transla-81ef1-English-after-starting-game-mobile-safari-iphone15/error-context.md
]]>
</failure>
<system-out>
<![CDATA[
[[ATTACHMENT|apps/game/test-results/translations-check-Transla-81ef1-English-after-starting-game-mobile-safari-iphone15/test-failed-1.png]]

[[ATTACHMENT|apps/game/test-results/translations-check-Transla-81ef1-English-after-starting-game-mobile-safari-iphone15/error-context.md]]
]]>
</system-out>
</testcase>
</testsuite>
<testsuite name="translations-check.spec.ts" timestamp="2026-02-12T20:55:14.368Z" hostname="tablet-ipad" tests="2" failures="1" skipped="0" time="16.55" errors="0">
<testcase name="Translation Checks › should not show translation keys on home page in English" classname="translations-check.spec.ts" time="5.108">
</testcase>
<testcase name="Translation Checks › should show category in English after starting game" classname="translations-check.spec.ts" time="11.442">
<failure message="translations-check.spec.ts:30:3 should show category in English after starting game" type="FAILURE">
<![CDATA[  [tablet-ipad] › translations-check.spec.ts:30:3 › Translation Checks › should show category in English after starting game 

    Error: expect(locator).toBeVisible() failed

    Locator: locator('button').filter({ hasText: 'Start Game' }).first()
    Expected: visible
    Timeout: 5000ms
    Error: element(s) not found

    Call log:
      - Expect "toBeVisible" with timeout 5000ms
      - waiting for locator('button').filter({ hasText: 'Start Game' }).first()


      47 |     // Text should be "Start Game" in English
      48 |     const startBtn = page.locator('button').filter({ hasText: 'Start Game' }).first()
    > 49 |     await expect(startBtn).toBeVisible()
         |                            ^
      50 |     await startBtn.click()
      51 |
      52 |     // 5. Wait for round start page
        at /Users/markuswagner/.zenflow/worktrees/e-gemini-70a8/apps/game/tests/e2e/translations-check.spec.ts:49:28

    attachment #1: screenshot (image/png) ──────────────────────────────────────────────────────────
    ../../test-results/translations-check-Transla-81ef1-English-after-starting-game-tablet-ipad/test-failed-1.png
    ────────────────────────────────────────────────────────────────────────────────────────────────

    Error Context: ../../test-results/translations-check-Transla-81ef1-English-after-starting-game-tablet-ipad/error-context.md
]]>
</failure>
<system-out>
<![CDATA[
[[ATTACHMENT|apps/game/test-results/translations-check-Transla-81ef1-English-after-starting-game-tablet-ipad/test-failed-1.png]]

[[ATTACHMENT|apps/game/test-results/translations-check-Transla-81ef1-English-after-starting-game-tablet-ipad/error-context.md]]
]]>
</system-out>
</testcase>
</testsuite>
<testsuite name="translations-check.spec.ts" timestamp="2026-02-12T20:55:14.368Z" hostname="mobile-chrome-galaxy" tests="2" failures="1" skipped="0" time="13.089" errors="0">
<testcase name="Translation Checks › should not show translation keys on home page in English" classname="translations-check.spec.ts" time="2.45">
</testcase>
<testcase name="Translation Checks › should show category in English after starting game" classname="translations-check.spec.ts" time="10.639">
<failure message="translations-check.spec.ts:30:3 should show category in English after starting game" type="FAILURE">
<![CDATA[  [mobile-chrome-galaxy] › translations-check.spec.ts:30:3 › Translation Checks › should show category in English after starting game 

    Error: expect(locator).toBeVisible() failed

    Locator: locator('button').filter({ hasText: 'Start Game' }).first()
    Expected: visible
    Timeout: 5000ms
    Error: element(s) not found

    Call log:
      - Expect "toBeVisible" with timeout 5000ms
      - waiting for locator('button').filter({ hasText: 'Start Game' }).first()


      47 |     // Text should be "Start Game" in English
      48 |     const startBtn = page.locator('button').filter({ hasText: 'Start Game' }).first()
    > 49 |     await expect(startBtn).toBeVisible()
         |                            ^
      50 |     await startBtn.click()
      51 |
      52 |     // 5. Wait for round start page
        at /Users/markuswagner/.zenflow/worktrees/e-gemini-70a8/apps/game/tests/e2e/translations-check.spec.ts:49:28

    attachment #1: screenshot (image/png) ──────────────────────────────────────────────────────────
    ../../test-results/translations-check-Transla-81ef1-English-after-starting-game-mobile-chrome-galaxy/test-failed-1.png
    ────────────────────────────────────────────────────────────────────────────────────────────────

    Error Context: ../../test-results/translations-check-Transla-81ef1-English-after-starting-game-mobile-chrome-galaxy/error-context.md
]]>
</failure>
<system-out>
<![CDATA[
[[ATTACHMENT|apps/game/test-results/translations-check-Transla-81ef1-English-after-starting-game-mobile-chrome-galaxy/test-failed-1.png]]

[[ATTACHMENT|apps/game/test-results/translations-check-Transla-81ef1-English-after-starting-game-mobile-chrome-galaxy/error-context.md]]
]]>
</system-out>
</testcase>
</testsuite>
</testsuites>